Layer(name='new_layer', attributes=('attr', 'attr_1', 'approved'), spans=SL[Span('Sada', [{'attr': 'L1-0', 'attr_1': 'SADA', 'approved': True}]),
Span('kaks', []),
Span('kakskümmend', [{'attr': 'L1-2', 'attr_1': 'KAKS', 'approved': True}, {'attr': 'L1-2', 'attr_1': 'KÜMME', 'approved': True}]),
Span('kümme', [{'attr': 'L1-3', 'attr_1': 'KÜMME', 'approved': True}]),
Span('kolm', []),
Span('Neli', [{'attr': 'L1-5', 'attr_1': 'NELI', 'approved': True}]),
Span('tuhat', [{'attr': 'L1-6', 'attr_1': 'TUHAT', 'approved': True}]),
Span('viis', []),
Span('viissada', [{'attr': 'L1-8', 'attr_1': 'SADA', 'approved': True}, {'attr': 'L1-8', 'attr_1': 'VIISSADA', 'approved': True}]),
Span('sada', [{'attr': 'L1-9', 'attr_1': 'SADA', 'approved': True}]),
Span('kuus', [{'attr': 'L1-10', 'attr_1': 'KUUS', 'approved': True}]),
Span('kuuskümmend', [{'attr': 'L1-11', 'attr_1': 'KÜMME', 'approved': False}]),
Span('kümme', [{'attr': 'L1-12', 'attr_1': 'KÜMME', 'approved': True}]),
Span('seitse', []),
Span('koma', [{'attr': 'L1-14', 'attr_1': 'KOMA', 'approved': True}]),
Span('kaheksa', []),
Span('Üheksa', [{'attr': 'L1-16', 'attr_1': 'ÜHEKSA', 'approved': True}]),
Span('Üheksakümmend', [{'attr': 'L1-17', 'attr_1': 'ÜHEKSA', 'approved': True}, {'attr': 'L1-17', 'attr_1': 'KÜMME', 'approved': True}]),
Span('kümme', [])])